


*** RESULTS OF CROP GROWTH MODEL LINTUL5 (NPK lim.) *** SUMMARY OF OUTPUT FOR CROP GROWTH, YIELD, WATER BALANCE AND NPK UPTAKE, AND STATISTICS ***

Name of run: WAGI1, Station= WAGE , Soil=   1, Crop=   1, Irr.=   1, IOPT=   1, Runof= 0.00, CO2= 370.
 Wageningen, irrig.,wheat var.1, RUE=3.0                                         


YEAR    PL   EMERG FLOW  HALT    WSO     TAGB   HI  PARAB  RUE   DWAV RAIN  ESOIL   TRANS DRAIN RUNOF  IRR   WUE  NUPT   NFIX   NLIV   NLOSS   NUE    PUPT  PLIV   PLOSS   PUE  KUPT   KLIV   KLOSS   KUE    TRANRF   NNI   NPKI  
1969     0     1   164   221     8504.  17854. 0.48  843.  2.12    6.  406.  118.   277.   80.    0.   64.  4.51  153.2    0.0  146.5   15.1  112.3   28.9   28.4    2.0  603.2  265.1  246.3   35.5   68.8   1.00   1.00   1.00
1970     0     1   169   229     7857.  18848. 0.42  835.  2.26   -7.  484.  115.   273.  148.    0.   60.  4.86  172.7    0.0  161.5   19.5  106.7   33.2   32.1    2.6  564.8  318.2  288.9   46.0   61.4   1.00   1.00   1.00
1971     0     1   156   220     8513.  17529. 0.49  855.  2.05   23.  371.   99.   260.   35.    0.    0.  4.90  144.0    0.0  137.0   15.3  116.8   27.3   26.8    2.1  621.5  254.0  234.5   36.1   70.0   1.00   1.00   1.00
1972     0     1   160   223     8428.  16196. 0.52  781.  2.07  -63.  506.  115.   235.   93.    0.    0.  4.62  134.1    0.0  129.6   12.8  115.4   25.0   24.8    1.7  622.1  220.9  207.3   30.3   73.7   1.00   1.00   1.00
1973     0     1   165   224     9397.  17776. 0.53  858.  2.07   27.  361.  128.   254.   67.    0.   60.  4.65  139.8    0.0  134.1   14.1  121.6   26.3   25.9    1.9  647.4  235.4  218.8   33.3   75.7   1.00   1.00   1.00
1974     0     1   150   220     8957.  16354. 0.55  872.  1.87   39.  348.  111.   238.   37.    0.    0.  4.69  126.8    0.0  122.6   12.5  122.6   23.4   23.2    1.7  663.6  197.1  184.0   29.8   81.8   1.00   1.00   1.00

 MEANS over   6 years  :
         0.    1.  161.  223.    8609.  17426. 0.50  841.  2.07    4.  413.  114.   256.   77.    0.   31.  4.70  145.1    0.0  138.5   14.9  115.9   27.4   26.9    2.0  620.4  248.5  230.0   35.2   71.9   1.00   1.00   1.00
 STANDARD DEVIATIONS  :
         0.    0.    6.    3.     476.    913. 0.04   29.  0.11   33.   61.    9.    16.   38.    0.   31.  0.13   14.8    0.0   12.6    2.3    5.4    3.1    2.8    0.3   31.6   38.2   33.0    5.4    6.3   0.00   0.00   0.00
 VARIATION COEFFICIENTS (%)  : 
        0.0   0.0   3.9   1.4      5.5     5.2  8.7   3.5   5.4 780.0  14.8   7.8    6.2  49.8   0.0 100.1   2.8   10.2    0.0    9.1   15.5    4.7   11.5   10.6   15.2    5.1   15.4   14.3   15.3    8.8   0.00   0.00   0.00



*** RESULTS OF CROP GROWTH MODEL LINTUL5 (NPK lim.) *** SUMMARY OF OUTPUT FOR CROP GROWTH, YIELD, WATER BALANCE AND NPK UPTAKE, AND STATISTICS ***

Name of run: WAGW2, Station= WAGE , Soil=   1, Crop=   1, Irr.=   0, IOPT=   2, Runof= 0.00, CO2= 370.
 Wageningen, water limit.,wheat var.1, RUE=3.0                                   


YEAR    PL   EMERG FLOW  HALT    WSO     TAGB   HI  PARAB  RUE   DWAV RAIN  ESOIL   TRANS DRAIN RUNOF  IRR   WUE  NUPT   NFIX   NLIV   NLOSS   NUE    PUPT  PLIV   PLOSS   PUE  KUPT   KLIV   KLOSS   KUE    TRANRF   NNI   NPKI  
1969     0     1   164   221     8490.  17840. 0.48  843.  2.12   59.  406.  112.   277.   76.    0.    0.  4.59  153.4    0.0  146.5   15.2  112.1   29.0   28.4    2.1  602.1  265.6  246.4   35.9   68.7   1.00   1.00   1.00
1970     0     1   169   229     7209.  18200. 0.40  835.  2.18   44.  484.  115.   264.  148.    0.    0.  4.80  168.7    0.0  157.5   19.5  105.8   32.7   31.6    2.6  555.6  318.2  288.9   46.0   59.4   0.99   1.00   1.00
1971     0     1   156   220     8513.  17529. 0.49  855.  2.05   23.  371.   99.   260.   35.    0.    0.  4.90  144.0    0.0  137.0   15.3  116.8   27.3   26.8    2.1  621.5  254.0  234.5   36.1   70.0   1.00   1.00   1.00
1972     0     1   160   223     8428.  16196. 0.52  781.  2.07  -63.  506.  115.   235.   93.    0.    0.  4.62  134.1    0.0  129.6   12.8  115.4   25.0   24.8    1.7  622.1  220.9  207.3   30.3   73.7   1.00   1.00   1.00
1973     0     1   165   224     9199.  17578. 0.52  858.  2.05   81.  361.  125.   251.   67.    0.    0.  4.68  139.8    0.0  134.1   14.1  120.2   26.3   25.9    1.9  641.1  235.4  218.8   33.3   74.9   0.99   1.00   1.00
1974     0     1   150   220     8957.  16354. 0.55  872.  1.87   39.  348.  111.   238.   37.    0.    0.  4.69  126.8    0.0  122.6   12.5  122.6   23.4   23.2    1.7  663.7  197.1  184.0   29.8   81.8   1.00   1.00   1.00

 MEANS over   6 years  :
         0.    1.  161.  223.    8466.  17283. 0.49  841.  2.06   30.  413.  113.   254.   76.    0.    0.  4.71  144.4    0.0  137.9   14.9  115.5   27.3   26.8    2.0  617.7  248.5  230.0   35.3   71.4   1.00   1.00   1.00
 STANDARD DEVIATIONS  :
         0.    0.    6.    3.     627.    747. 0.05   29.  0.09   45.   61.    8.    15.   38.    0.    0.  0.11   13.6    0.0   11.4    2.3    5.5    3.0    2.7    0.3   33.6   38.2   33.0    5.4    6.8   0.00   0.00   0.00
 VARIATION COEFFICIENTS (%)  : 
        0.0   0.0   3.9   1.4      7.4     4.3 10.0   3.5   4.5 148.5  14.8   6.9    5.7  50.1   0.0   0.0   2.2    9.4    0.0    8.3   15.5    4.7   11.0   10.1   15.1    5.4   15.4   14.3   15.3    9.6   0.39   0.00   0.00



*** RESULTS OF CROP GROWTH MODEL LINTUL5 (NPK lim.) *** SUMMARY OF OUTPUT FOR CROP GROWTH, YIELD, WATER BALANCE AND NPK UPTAKE, AND STATISTICS ***

Name of run: WAGN3, Station= WAGE , Soil=   1, Crop=   1, Irr.=   0, IOPT=   3, Runof= 0.00, CO2= 370.
 Wageningen, water and N limit., wheat var.1, RUE=3.0                            


YEAR    PL   EMERG FLOW  HALT    WSO     TAGB   HI  PARAB  RUE   DWAV RAIN  ESOIL   TRANS DRAIN RUNOF  IRR   WUE  NUPT   NFIX   NLIV   NLOSS   NUE    PUPT  PLIV   PLOSS   PUE  KUPT   KLIV   KLOSS   KUE    TRANRF   NNI   NPKI  
1969     0     1   164   221     3250.  11097. 0.29  673.  1.65   39.  406.  156.   210.   79.    0.    0.  3.03   65.0    0.0   60.2   13.1  162.0   22.6   22.3    1.8  490.7  211.4  197.2   30.9   53.8   1.00   0.74   0.74
1970     0     1   169   229     2772.  11517. 0.24  672.  1.71   25.  484.  154.   206.  148.    0.    0.  3.19   65.0    0.0   57.5   15.9  171.9   25.4   24.8    2.2  464.3  248.2  227.4   37.5   48.5   1.00   0.72   0.72
1971     0     1   156   220     3210.  10868. 0.30  674.  1.61   -3.  371.  138.   194.   35.    0.    0.  3.27   65.0    0.0   60.0   13.3  156.3   21.2   20.9    1.8  508.0  200.1  185.3   31.5   55.2   1.00   0.72   0.72
1972     0     1   160   223     3617.  10445. 0.35  631.  1.66  -62.  506.  153.   182.  109.    0.    0.  3.12   65.0    0.0   61.6   11.8  148.3   20.3   20.2    1.6  506.6  181.7  170.6   27.8   57.9   1.00   0.74   0.74
1973     0     1   165   224     4266.  11815. 0.36  731.  1.62   65.  361.  154.   206.   67.    0.    0.  3.28   65.0    0.0   60.0   13.3  166.5   22.3   22.0    1.8  520.6  204.7  189.8   31.6   58.1   1.00   0.75   0.75
1974     0     1   150   220     4187.  10491. 0.40  680.  1.54   15.  348.  150.   176.   37.    0.    0.  3.23   65.0    0.0   62.3   11.1  146.0   18.5   18.5    1.5  548.0  155.8  146.1   26.4   66.3   1.00   0.72   0.72

 MEANS over   6 years  :
         0.    1.  161.  223.    3550.  11039. 0.32  677.  1.63   13.  413.  151.   196.   79.    0.    0.  3.19   65.0    0.0   60.3   13.1  158.5   21.7   21.4    1.8  506.4  200.3  186.1   30.9   56.6   1.00   0.73   0.73
 STANDARD DEVIATIONS  :
         0.    0.    6.    3.     538.    503. 0.05   29.  0.05   40.   61.    6.    13.   40.    0.    0.  0.09    0.0    0.0    1.5    1.5    9.3    2.1    1.9    0.2   25.7   28.2   24.8    3.5    5.4   0.00   0.01   0.01
 VARIATION COEFFICIENTS (%)  : 
        0.0   0.0   3.9   1.4     15.1     4.6 16.1   4.3   3.2 303.6  14.8   3.9    6.6  50.2   0.0   0.0   2.8    0.0    0.0    2.5   11.5    5.9    9.8    9.1   11.3    5.1   14.1   13.3   11.4    9.5   0.13   1.57   1.57



*** RESULTS OF CROP GROWTH MODEL LINTUL5 (NPK lim.) *** SUMMARY OF OUTPUT FOR CROP GROWTH, YIELD, WATER BALANCE AND NPK UPTAKE, AND STATISTICS ***

Name of run: WAGP4, Station= WAGE , Soil=   1, Crop=   1, Irr.=   0, IOPT=   4, Runof= 0.00, CO2= 370.
 Wageningen, water and N-P-K limit., wheat var.1, RUE=3.0                        


YEAR    PL   EMERG FLOW  HALT    WSO     TAGB   HI  PARAB  RUE   DWAV RAIN  ESOIL   TRANS DRAIN RUNOF  IRR   WUE  NUPT   NFIX   NLIV   NLOSS   NUE    PUPT  PLIV   PLOSS   PUE  KUPT   KLIV   KLOSS   KUE    TRANRF   NNI   NPKI  
1969     0     1   164   221     1553.   6187. 0.25  526.  1.18   24.  406.  193.   154.   82.    0.    0.  1.78   63.2    0.0   62.7    8.8   94.0    5.0    5.3    1.2 1133.7   50.0   46.0   20.7  118.8   1.00   0.99   0.63
1970     0     1   169   229     1365.   6311. 0.22  544.  1.16    4.  484.  179.   160.  148.    0.    0.  1.86   65.0    0.0   62.9   10.5   96.7    5.0    5.1    1.4 1178.4   50.0   42.2   24.5  123.6   1.00   0.99   0.64
1971     0     1   156   220     1565.   6174. 0.25  534.  1.16  -21.  371.  169.   145.   35.    0.    0.  1.96   60.3    0.0   59.7    9.0   96.8    5.0    5.3    1.2 1111.0   50.0   45.6   21.1  116.8   1.00   0.99   0.62
1972     0     1   160   223     1704.   5879. 0.29  473.  1.24  -63.  506.  192.   129.  122.    0.    0.  1.83   57.2    0.0   57.6    8.0   96.3    5.0    5.5    1.1 1057.6   50.0   47.9   18.8  111.4   1.00   0.99   0.61
1973     0     1   165   224     2034.   6698. 0.30  579.  1.16   40.  361.  182.   153.   67.    0.    0.  2.00   64.8    0.0   64.0    9.1   96.8    5.0    5.3    1.2 1160.5   50.0   45.2   21.5  121.9   1.00   0.99   0.65
1974     0     1   150   220     1978.   6161. 0.32  534.  1.15   -3.  348.  175.   132.   37.    0.    0.  2.00   59.5    0.0   59.9    7.9   95.7    5.0    5.4    1.1 1053.6   50.0   47.9   18.8  111.3   1.00   0.99   0.59

 MEANS over   6 years  :
         0.    1.  161.  223.    1700.   6235. 0.27  532.  1.17   -3.  413.  182.   146.   82.    0.    0.  1.91   61.7    0.0   61.1    8.9   96.0    5.0    5.3    1.2 1115.8   50.0   45.8   20.9  117.3   1.00   0.99   0.62
 STANDARD DEVIATIONS  :
         0.    0.    6.    3.     239.    244. 0.04   31.  0.03   33.   61.    9.    11.   42.    0.    0.  0.09    2.9    0.0    2.2    0.8    1.0    0.0    0.1    0.1   47.5    0.0    1.9    1.9    4.7   0.00   0.00   0.02
 VARIATION COEFFICIENTS (%)  : 
        0.0   0.0   3.9   1.4     14.0     3.9 13.1   5.8   2.61063.2  14.8   4.8    7.8  50.8   0.0   0.0   4.6    4.7    0.0    3.7    9.5    1.0    0.0    2.0    9.1    4.3    0.0    4.2    9.2    4.0   0.00   0.07   3.19
